Archive member included to satisfy reference by file (symbol)

C:/ST/STM32CubeIDE_1.15.1/STM32CubeIDE/plugins/com.st.stm32cube.ide.mcu.externaltools.gnu-tools-for-stm32.12.3.rel1.win32_1.0.100.202403111256/tools/bin/../lib/gcc/arm-none-eabi/12.3.1/../../../../arm-none-eabi/lib/thumb/v7e-m+dp/hard\libc_nano.a(libc_a-exit.o)
                              C:/ST/STM32CubeIDE_1.15.1/STM32CubeIDE/plugins/com.st.stm32cube.ide.mcu.externaltools.gnu-tools-for-stm32.12.3.rel1.win32_1.0.100.202403111256/tools/bin/../lib/gcc/arm-none-eabi/12.3.1/../../../../arm-none-eabi/lib/thumb/v7e-m+dp/hard/crt0.o (exit)
C:/ST/STM32CubeIDE_1.15.1/STM32CubeIDE/plugins/com.st.stm32cube.ide.mcu.externaltools.gnu-tools-for-stm32.12.3.rel1.win32_1.0.100.202403111256/tools/bin/../lib/gcc/arm-none-eabi/12.3.1/../../../../arm-none-eabi/lib/thumb/v7e-m+dp/hard\libc_nano.a(libc_a-findfp.o)
                              C:/ST/STM32CubeIDE_1.15.1/STM32CubeIDE/plugins/com.st.stm32cube.ide.mcu.externaltools.gnu-tools-for-stm32.12.3.rel1.win32_1.0.100.202403111256/tools/bin/../lib/gcc/arm-none-eabi/12.3.1/../../../../arm-none-eabi/lib/thumb/v7e-m+dp/hard\libc_nano.a(libc_a-exit.o) (__stdio_exit_handler)
C:/ST/STM32CubeIDE_1.15.1/STM32CubeIDE/plugins/com.st.stm32cube.ide.mcu.externaltools.gnu-tools-for-stm32.12.3.rel1.win32_1.0.100.202403111256/tools/bin/../lib/gcc/arm-none-eabi/12.3.1/../../../../arm-none-eabi/lib/thumb/v7e-m+dp/hard\libc_nano.a(libc_a-fwalk.o)
                              C:/ST/STM32CubeIDE_1.15.1/STM32CubeIDE/plugins/com.st.stm32cube.ide.mcu.externaltools.gnu-tools-for-stm32.12.3.rel1.win32_1.0.100.202403111256/tools/bin/../lib/gcc/arm-none-eabi/12.3.1/../../../../arm-none-eabi/lib/thumb/v7e-m+dp/hard\libc_nano.a(libc_a-findfp.o) (_fwalk_sglue)
C:/ST/STM32CubeIDE_1.15.1/STM32CubeIDE/plugins/com.st.stm32cube.ide.mcu.externaltools.gnu-tools-for-stm32.12.3.rel1.win32_1.0.100.202403111256/tools/bin/../lib/gcc/arm-none-eabi/12.3.1/../../../../arm-none-eabi/lib/thumb/v7e-m+dp/hard\libc_nano.a(libc_a-stdio.o)
                              C:/ST/STM32CubeIDE_1.15.1/STM32CubeIDE/plugins/com.st.stm32cube.ide.mcu.externaltools.gnu-tools-for-stm32.12.3.rel1.win32_1.0.100.202403111256/tools/bin/../lib/gcc/arm-none-eabi/12.3.1/../../../../arm-none-eabi/lib/thumb/v7e-m+dp/hard\libc_nano.a(libc_a-findfp.o) (__sread)
C:/ST/STM32CubeIDE_1.15.1/STM32CubeIDE/plugins/com.st.stm32cube.ide.mcu.externaltools.gnu-tools-for-stm32.12.3.rel1.win32_1.0.100.202403111256/tools/bin/../lib/gcc/arm-none-eabi/12.3.1/../../../../arm-none-eabi/lib/thumb/v7e-m+dp/hard\libc_nano.a(libc_a-memset.o)
                              C:/ST/STM32CubeIDE_1.15.1/STM32CubeIDE/plugins/com.st.stm32cube.ide.mcu.externaltools.gnu-tools-for-stm32.12.3.rel1.win32_1.0.100.202403111256/tools/bin/../lib/gcc/arm-none-eabi/12.3.1/../../../../arm-none-eabi/lib/thumb/v7e-m+dp/hard/crt0.o (memset)
C:/ST/STM32CubeIDE_1.15.1/STM32CubeIDE/plugins/com.st.stm32cube.ide.mcu.externaltools.gnu-tools-for-stm32.12.3.rel1.win32_1.0.100.202403111256/tools/bin/../lib/gcc/arm-none-eabi/12.3.1/../../../../arm-none-eabi/lib/thumb/v7e-m+dp/hard\libc_nano.a(libc_a-closer.o)
                              C:/ST/STM32CubeIDE_1.15.1/STM32CubeIDE/plugins/com.st.stm32cube.ide.mcu.externaltools.gnu-tools-for-stm32.12.3.rel1.win32_1.0.100.202403111256/tools/bin/../lib/gcc/arm-none-eabi/12.3.1/../../../../arm-none-eabi/lib/thumb/v7e-m+dp/hard\libc_nano.a(libc_a-stdio.o) (_close_r)
C:/ST/STM32CubeIDE_1.15.1/STM32CubeIDE/plugins/com.st.stm32cube.ide.mcu.externaltools.gnu-tools-for-stm32.12.3.rel1.win32_1.0.100.202403111256/tools/bin/../lib/gcc/arm-none-eabi/12.3.1/../../../../arm-none-eabi/lib/thumb/v7e-m+dp/hard\libc_nano.a(libc_a-reent.o)
                              C:/ST/STM32CubeIDE_1.15.1/STM32CubeIDE/plugins/com.st.stm32cube.ide.mcu.externaltools.gnu-tools-for-stm32.12.3.rel1.win32_1.0.100.202403111256/tools/bin/../lib/gcc/arm-none-eabi/12.3.1/../../../../arm-none-eabi/lib/thumb/v7e-m+dp/hard\libc_nano.a(libc_a-closer.o) (errno)
C:/ST/STM32CubeIDE_1.15.1/STM32CubeIDE/plugins/com.st.stm32cube.ide.mcu.externaltools.gnu-tools-for-stm32.12.3.rel1.win32_1.0.100.202403111256/tools/bin/../lib/gcc/arm-none-eabi/12.3.1/../../../../arm-none-eabi/lib/thumb/v7e-m+dp/hard\libc_nano.a(libc_a-impure.o)
                              C:/ST/STM32CubeIDE_1.15.1/STM32CubeIDE/plugins/com.st.stm32cube.ide.mcu.externaltools.gnu-tools-for-stm32.12.3.rel1.win32_1.0.100.202403111256/tools/bin/../lib/gcc/arm-none-eabi/12.3.1/../../../../arm-none-eabi/lib/thumb/v7e-m+dp/hard\libc_nano.a(libc_a-reent.o) (_impure_ptr)
C:/ST/STM32CubeIDE_1.15.1/STM32CubeIDE/plugins/com.st.stm32cube.ide.mcu.externaltools.gnu-tools-for-stm32.12.3.rel1.win32_1.0.100.202403111256/tools/bin/../lib/gcc/arm-none-eabi/12.3.1/../../../../arm-none-eabi/lib/thumb/v7e-m+dp/hard\libc_nano.a(libc_a-lseekr.o)
[...]
Memory Configuration

Name             Origin             Length             Attributes
RAM              0x20000000         0x00080000         xrw
FLASH            0x08000000         0x00200000         xr
*default*        0x00000000         0xffffffff

Linker script and memory map

LOAD C:/ST/STM32CubeIDE_1.15.1/STM32CubeIDE/plugins/com.st.stm32cube.ide.mcu.externaltools.gnu-tools-for-stm32.12.3.rel1.win32_1.0.100.202403111256/tools/bin/../lib/gcc/arm-none-eabi/12.3.1/thumb/v7e-m+dp/hard/crti.o
LOAD C:/ST/STM32CubeIDE_1.15.1/STM32CubeIDE/plugins/com.st.stm32cube.ide.mcu.externaltools.gnu-tools-for-stm32.12.3.rel1.win32_1.0.100.202403111256/tools/bin/../lib/gcc/arm-none-eabi/12.3.1/thumb/v7e-m+dp/hard/crtbegin.o
LOAD C:/ST/STM32CubeIDE_1.15.1/STM32CubeIDE/plugins/com.st.stm32cube.ide.mcu.externaltools.gnu-tools-for-stm32.12.3.rel1.win32_1.0.100.202403111256/tools/bin/../lib/gcc/arm-none-eabi/12.3.1/../../../../arm-none-eabi/lib/thumb/v7e-m+dp/hard/crt0.o
LOAD ./Core/Src/ADXL345.o
LOAD ./Core/Src/ERR.o
LOAD ./Core/Src/GPIO_Config.o
LOAD ./Core/Src/SPI_DMA.o
LOAD ./Core/Src/SystemClock_Config.o
LOAD ./Core/Src/main.o
LOAD ./Core/Src/stm32f7xx_hal_msp.o
LOAD ./Core/Src/stm32f7xx_it.o
LOAD ./Core/Src/syscalls.o
LOAD ./Core/Src/sysmem.o
LOAD ./Core/Src/system_stm32f7xx.o
LOAD ./Core/Startup/startup_stm32f767zitx.o
LOAD ./Drivers/STM32F7xx_HAL_Driver/Src/stm32f7xx_hal.o
LOAD ./Drivers/STM32F7xx_HAL_Driver/Src/stm32f7xx_hal_cortex.o
LOAD ./Drivers/STM32F7xx_HAL_Driver/Src/stm32f7xx_hal_dma.o
LOAD ./Drivers/STM32F7xx_HAL_Driver/Src/stm32f7xx_hal_dma_ex.o
LOAD ./Drivers/STM32F7xx_HAL_Driver/Src/stm32f7xx_hal_exti.o
LOAD ./Drivers/STM32F7xx_HAL_Driver/Src/stm32f7xx_hal_flash.o
LOAD ./Drivers/STM32F7xx_HAL_Driver/Src/stm32f7xx_hal_flash_ex.o
LOAD ./Drivers/STM32F7xx_HAL_Driver/Src/stm32f7xx_hal_gpio.o
LOAD ./Drivers/STM32F7xx_HAL_Driver/Src/stm32f7xx_hal_i2c.o
LOAD ./Drivers/STM32F7xx_HAL_Driver/Src/stm32f7xx_hal_i2c_ex.o
LOAD ./Drivers/STM32F7xx_HAL_Driver/Src/stm32f7xx_hal_pwr.o
LOAD ./Drivers/STM32F7xx_HAL_Driver/Src/stm32f7xx_hal_pwr_ex.o
LOAD ./Drivers/STM32F7xx_HAL_Driver/Src/stm32f7xx_hal_rcc.o
LOAD ./Drivers/STM32F7xx_HAL_Driver/Src/stm32f7xx_hal_rcc_ex.o
LOAD ./Drivers/STM32F7xx_HAL_Driver/Src/stm32f7xx_hal_spi.o
LOAD ./Drivers/STM32F7xx_HAL_Driver/Src/stm32f7xx_hal_spi_ex.o
LOAD ./Drivers/STM32F7xx_HAL_Driver/Src/stm32f7xx_hal_tim.o
LOAD ./Drivers/STM32F7xx_HAL_Driver/Src/stm32f7xx_hal_tim_ex.o
START GROUP
LOAD C:/ST/STM32CubeIDE_1.15.1/STM32CubeIDE/plugins/com.st.stm32cube.ide.mcu.externaltools.gnu-tools-for-stm32.12.3.rel1.win32_1.0.100.202403111256/tools/bin/../lib/gcc/arm-none-eabi/12.3.1/../../../../arm-none-eabi/lib/thumb/v7e-m+dp/hard\libc_nano.a
LOAD C:/ST/STM32CubeIDE_1.15.1/STM32CubeIDE/plugins/com.st.stm32cube.ide.mcu.externaltools.gnu-tools-for-stm32.12.3.rel1.win32_1.0.100.202403111256/tools/bin/../lib/gcc/arm-none-eabi/12.3.1/../../../../arm-none-eabi/lib/thumb/v7e-m+dp/hard\libm.a
END GROUP
START GROUP
LOAD C:/ST/STM32CubeIDE_1.15.1/STM32CubeIDE/plugins/com.st.stm32cube.ide.mcu.externaltools.gnu-tools-for-stm32.12.3.rel1.win32_1.0.100.202403111256/tools/bin/../lib/gcc/arm-none-eabi/12.3.1/thumb/v7e-m+dp/hard\libgcc.a
LOAD C:/ST/STM32CubeIDE_1.15.1/STM32CubeIDE/plugins/com.st.stm32cube.ide.mcu.externaltools.gnu-tools-for-stm32.12.3.rel1.win32_1.0.100.202403111256/tools/bin/../lib/gcc/arm-none-eabi/12.3.1/../../../../arm-none-eabi/lib/thumb/v7e-m+dp/hard\libc_nano.a
END GROUP
START GROUP
LOAD C:/ST/STM32CubeIDE_1.15.1/STM32CubeIDE/plugins/com.st.stm32cube.ide.mcu.externaltools.gnu-tools-for-stm32.12.3.rel1.win32_1.0.100.202403111256/tools/bin/../lib/gcc/arm-none-eabi/12.3.1/thumb/v7e-m+dp/hard\libgcc.a
LOAD C:/ST/STM32CubeIDE_1.15.1/STM32CubeIDE/plugins/com.st.stm32cube.ide.mcu.externaltools.gnu-tools-for-stm32.12.3.rel1.win32_1.0.100.202403111256/tools/bin/../lib/gcc/arm-none-eabi/12.3.1/../../../../arm-none-eabi/lib/thumb/v7e-m+dp/hard\libc_nano.a
LOAD C:/ST/STM32CubeIDE_1.15.1/STM32CubeIDE/plugins/com.st.stm32cube.ide.mcu.externaltools.gnu-tools-for-stm32.12.3.rel1.win32_1.0.100.202403111256/tools/bin/../lib/gcc/arm-none-eabi/12.3.1/../../../../arm-none-eabi/lib/thumb/v7e-m+dp/hard\libnosys.a
END GROUP
START GROUP
LOAD C:/ST/STM32CubeIDE_1.15.1/STM32CubeIDE/plugins/com.st.stm32cube.ide.mcu.externaltools.gnu-tools-for-stm32.12.3.rel1.win32_1.0.100.202403111256/tools/bin/../lib/gcc/arm-none-eabi/12.3.1/thumb/v7e-m+dp/hard\libgcc.a
LOAD C:/ST/STM32CubeIDE_1.15.1/STM32CubeIDE/plugins/com.st.stm32cube.ide.mcu.externaltools.gnu-tools-for-stm32.12.3.rel1.win32_1.0.100.202403111256/tools/bin/../lib/gcc/arm-none-eabi/12.3.1/../../../../arm-none-eabi/lib/thumb/v7e-m+dp/hard\libc_nano.a
LOAD C:/ST/STM32CubeIDE_1.15.1/STM32CubeIDE/plugins/com.st.stm32cube.ide.mcu.externaltools.gnu-tools-for-stm32.12.3.rel1.win32_1.0.100.202403111256/tools/bin/../lib/gcc/arm-none-eabi/12.3.1/../../../../arm-none-eabi/lib/thumb/v7e-m+dp/hard\libnosys.a
END GROUP
LOAD C:/ST/STM32CubeIDE_1.15.1/STM32CubeIDE/plugins/com.st.stm32cube.ide.mcu.externaltools.gnu-tools-for-stm32.12.3.rel1.win32_1.0.100.202403111256/tools/bin/../lib/gcc/arm-none-eabi/12.3.1/thumb/v7e-m+dp/hard/crtend.o
LOAD C:/ST/STM32CubeIDE_1.15.1/STM32CubeIDE/plugins/com.st.stm32cube.ide.mcu.externaltools.gnu-tools-for-stm32.12.3.rel1.win32_1.0.100.202403111256/tools/bin/../lib/gcc/arm-none-eabi/12.3.1/thumb/v7e-m+dp/hard/crtn.o
                0x20080000                        _estack = (ORIGIN (RAM) + LENGTH (RAM))
                0x00000200                        _Min_Heap_Size = 0x200
                0x00000400                        _Min_Stack_Size = 0x400

.isr_vector     0x08000000      0x1f8
                0x08000000                        . = ALIGN (0x4)
 *(.isr_vector)
 .isr_vector    0x08000000      0x1f8 ./Core/Startup/startup_stm32f767zitx.o
                0x08000000                g_pfnVectors
                0x080001f8                        . = ALIGN (0x4)

.text           0x080001f8     0x2174
                0x080001f8                        . = ALIGN (0x4)
 *(.text)
 .text          0x080001f8       0x40 C:/ST/STM32CubeIDE_1.15.1/STM32CubeIDE/plugins/com.st.stm32cube.ide.mcu.externaltools.gnu-tools-for-stm32.12.3.rel1.win32_1.0.100.202403111256/tools/bin/../lib/gcc/arm-none-eabi/12.3.1/thumb/v7e-m+dp/hard/crtbegin.o
 .text          0x08000238       0x30 C:/ST/STM32CubeIDE_1.15.1/STM32CubeIDE/plugins/com.st.stm32cube.ide.mcu.externaltools.gnu-tools-for-stm32.12.3.rel1.win32_1.0.100.202403111256/tools/bin/../lib/gcc/arm-none-eabi/12.3.1/thumb/v7e-m+dp/hard\libgcc.a(_aeabi_uldivmod.o)
                0x08000238                __aeabi_uldivmod
 .text          0x08000268      0x2bc C:/ST/STM32CubeIDE_1.15.1/STM32CubeIDE/plugins/com.st.stm32cube.ide.mcu.externaltools.gnu-tools-for-stm32.12.3.rel1.win32_1.0.100.202403111256/tools/bin/../lib/gcc/arm-none-eabi/12.3.1/thumb/v7e-m+dp/hard\libgcc.a(_udivmoddi4.o)
                0x08000268                __udivmoddi4
 .text          0x08000524        0x4 C:/ST/STM32CubeIDE_1.15.1/STM32CubeIDE/plugins/com.st.stm32cube.ide.mcu.externaltools.gnu-tools-for-stm32.12.3.rel1.win32_1.0.100.202403111256/tools/bin/../lib/gcc/arm-none-eabi/12.3.1/thumb/v7e-m+dp/hard\libgcc.a(_dvmd_tls.o)
                0x08000524                __aeabi_idiv0
                0x08000524                __aeabi_ldiv0
 *(.text*)
 .text.MX_GPIO_Init
                0x08000528       0x80 ./Core/Src/GPIO_Config.o
                0x08000528                MX_GPIO_Init
 .text.MX_SPI1_Init
                0x080005a8       0x7c ./Core/Src/SPI_DMA.o
                0x080005a8                MX_SPI1_Init
 .text.MX_DMA_Init
                0x08000624       0x4c ./Core/Src/SPI_DMA.o
                0x08000624                MX_DMA_Init
 .text.SystemClock_Config
                0x08000670       0xd0 ./Core/Src/SystemClock_Config.o
                0x08000670                SystemClock_Config
 .text.main     0x08000740       0x1c ./Core/Src/main.o
                0x08000740                main
 .text.Error_Handler
                0x0800075c        0xc ./Core/Src/main.o
                0x0800075c                Error_Handler
 .text.HAL_MspInit
                0x08000768       0x54 ./Core/Src/stm32f7xx_hal_msp.o
                0x08000768                HAL_MspInit
 .text.HAL_SPI_MspInit
                0x080007bc      0x160 ./Core/Src/stm32f7xx_hal_msp.o
                0x080007bc                HAL_SPI_MspInit
 .text.NMI_Handler
                0x0800091c        0x8 ./Core/Src/stm32f7xx_it.o
                0x0800091c                NMI_Handler
 .text.HardFault_Handler
                0x08000924        0x8 ./Core/Src/stm32f7xx_it.o
                0x08000924                HardFault_Handler
 .text.MemManage_Handler
                0x0800092c        0x8 ./Core/Src/stm32f7xx_it.o
                0x0800092c                MemManage_Handler
 .text.BusFault_Handler
                0x08000934        0x8 ./Core/Src/stm32f7xx_it.o
                0x08000934                BusFault_Handler
 .text.UsageFault_Handler
                0x0800093c        0x8 ./Core/Src/stm32f7xx_it.o
                0x0800093c                UsageFault_Handler
 .text.SVC_Handler
                0x08000944        0xe ./Core/Src/stm32f7xx_it.o
                0x08000944                SVC_Handler
 .text.DebugMon_Handler
                0x08000952        0xe ./Core/Src/stm32f7xx_it.o
                0x08000952                DebugMon_Handler
 .text.PendSV_Handler
                0x08000960        0xe ./Core/Src/stm32f7xx_it.o
                0x08000960                PendSV_Handler
 .text.SysTick_Handler
                0x0800096e        0xc ./Core/Src/stm32f7xx_it.o
                0x0800096e                SysTick_Handler
 .text.RCC_IRQHandler
                0x0800097a        0xe ./Core/Src/stm32f7xx_it.o
                0x0800097a                RCC_IRQHandler
 .text.SPI1_IRQHandler
                0x08000988       0x14 ./Core/Src/stm32f7xx_it.o
                0x08000988                SPI1_IRQHandler
 .text.DMA2_Stream0_IRQHandler
                0x0800099c       0x14 ./Core/Src/stm32f7xx_it.o
                0x0800099c                DMA2_Stream0_IRQHandler
 .text.DMA2_Stream3_IRQHandler
                0x080009b0       0x14 ./Core/Src/stm32f7xx_it.o
                0x080009b0                DMA2_Stream3_IRQHandler
 .text.SystemInit
                0x080009c4       0x24 ./Core/Src/system_stm32f7xx.o
                0x080009c4                SystemInit
 .text.Reset_Handler
                0x080009e8       0x50 ./Core/Startup/startup_stm32f767zitx.o
                0x080009e8                Reset_Handler
 .text.Default_Handler
                0x08000a38        0x2 ./Core/Startup/startup_stm32f767zitx.o
                0x08000a38                RTC_Alarm_IRQHandler
                0x08000a38                EXTI2_IRQHandler
                0x08000a38                TIM8_CC_IRQHandler
                0x08000a38                UART8_IRQHandler
                0x08000a38                SPI4_IRQHandler
                0x08000a38                TIM1_CC_IRQHandler
                0x08000a38                DMA2_Stream5_IRQHandler
                0x08000a38                JPEG_IRQHandler
                0x08000a38                DMA1_Stream5_IRQHandler
                0x08000a38                CAN3_RX1_IRQHandler
                0x08000a38                PVD_IRQHandler
                0x08000a38                TAMP_STAMP_IRQHandler
                0x08000a38                CAN2_RX1_IRQHandler
                0x08000a38                EXTI3_IRQHandler
                0x08000a38                TIM8_TRG_COM_TIM14_IRQHandler
                0x08000a38                DFSDM1_FLT1_IRQHandler
                0x08000a38                TIM1_UP_TIM10_IRQHandler
                0x08000a38                TIM8_UP_TIM13_IRQHandler
                0x08000a38                I2C3_ER_IRQHandler
                0x08000a38                DFSDM1_FLT2_IRQHandler
                0x08000a38                EXTI0_IRQHandler
                0x08000a38                I2C2_EV_IRQHandler
                0x08000a38                DMA1_Stream2_IRQHandler
                0x08000a38                CAN1_RX0_IRQHandler
                0x08000a38                FPU_IRQHandler
                0x08000a38                OTG_HS_WKUP_IRQHandler
                0x08000a38                CAN3_SCE_IRQHandler
                0x08000a38                LTDC_ER_IRQHandler
                0x08000a38                CAN2_SCE_IRQHandler
                0x08000a38                DMA2_Stream2_IRQHandler
                0x08000a38                TIM6_DAC_IRQHandler
                0x08000a38                TIM1_BRK_TIM9_IRQHandler
                0x08000a38                DCMI_IRQHandler
                0x08000a38                CAN2_RX0_IRQHandler
                0x08000a38                SAI2_IRQHandler
                0x08000a38                DFSDM1_FLT3_IRQHandler
                0x08000a38                USART6_IRQHandler
                0x08000a38                CAN3_RX0_IRQHandler
                0x08000a38                USART3_IRQHandler
                0x08000a38                CAN1_RX1_IRQHandler
                0x08000a38                UART5_IRQHandler
                0x08000a38                TIM4_IRQHandler
                0x08000a38                QUADSPI_IRQHandler
                0x08000a38                I2C1_EV_IRQHandler
                0x08000a38                DMA1_Stream6_IRQHandler
                0x08000a38                DMA1_Stream1_IRQHandler
                0x08000a38                UART4_IRQHandler
                0x08000a38                TIM3_IRQHandler
                0x08000a38                TIM8_BRK_TIM12_IRQHandler
                0x08000a38                Default_Handler
                0x08000a38                CEC_IRQHandler
                0x08000a38                EXTI15_10_IRQHandler
                0x08000a38                ADC_IRQHandler
                0x08000a38                DMA1_Stream7_IRQHandler
                0x08000a38                SPI5_IRQHandler
                0x08000a38                TIM7_IRQHandler
                0x08000a38                SDMMC1_IRQHandler
                0x08000a38                CAN2_TX_IRQHandler
                0x08000a38                TIM5_IRQHandler
                0x08000a38                DMA2_Stream7_IRQHandler
                0x08000a38                I2C3_EV_IRQHandler
                0x08000a38                EXTI9_5_IRQHandler
                0x08000a38                RTC_WKUP_IRQHandler
                0x08000a38                LTDC_IRQHandler
                0x08000a38                ETH_WKUP_IRQHandler
                0x08000a38                SPDIF_RX_IRQHandler
                0x08000a38                SPI2_IRQHandler
                0x08000a38                OTG_HS_EP1_IN_IRQHandler
                0x08000a38                DMA1_Stream0_IRQHandler
                0x08000a38                CAN1_TX_IRQHandler
                0x08000a38                EXTI4_IRQHandler
                0x08000a38                RNG_IRQHandler
                0x08000a38                ETH_IRQHandler
                0x08000a38                OTG_HS_EP1_OUT_IRQHandler
                0x08000a38                WWDG_IRQHandler
                0x08000a38                SPI6_IRQHandler
                0x08000a38                MDIOS_IRQHandler
                0x08000a38                I2C4_EV_IRQHandler
                0x08000a38                CAN3_TX_IRQHandler
                0x08000a38                TIM2_IRQHandler
                0x08000a38                OTG_FS_WKUP_IRQHandler
                0x08000a38                TIM1_TRG_COM_TIM11_IRQHandler
                0x08000a38                OTG_HS_IRQHandler
                0x08000a38                DMA2D_IRQHandler
                0x08000a38                EXTI1_IRQHandler
                0x08000a38                SDMMC2_IRQHandler
                0x08000a38                UART7_IRQHandler
                0x08000a38                USART2_IRQHandler
                0x08000a38                DFSDM1_FLT0_IRQHandler
                0x08000a38                I2C2_ER_IRQHandler
                0x08000a38                DMA2_Stream1_IRQHandler
                0x08000a38                CAN1_SCE_IRQHandler
                0x08000a38                FLASH_IRQHandler
                0x08000a38                DMA2_Stream4_IRQHandler
                0x08000a38                USART1_IRQHandler
                0x08000a38                OTG_FS_IRQHandler
                0x08000a38                SPI3_IRQHandler
                0x08000a38                DMA1_Stream4_IRQHandler
                0x08000a38                I2C1_ER_IRQHandler
                0x08000a38                FMC_IRQHandler
                0x08000a38                LPTIM1_IRQHandler
                0x08000a38                I2C4_ER_IRQHandler
                0x08000a38                DMA2_Stream6_IRQHandler
                0x08000a38                SAI1_IRQHandler
                0x08000a38                DMA1_Stream3_IRQHandler
 .text.HAL_Init
                0x08000a3a       0x1a ./Drivers/STM32F7xx_HAL_Driver/Src/stm32f7xx_hal.o
                0x08000a3a                HAL_Init
 .text.HAL_InitTick
                0x08000a54       0x60 ./Drivers/STM32F7xx_HAL_Driver/Src/stm32f7xx_hal.o
                0x08000a54                HAL_InitTick
 .text.HAL_IncTick
                0x08000ab4       0x28 ./Drivers/STM32F7xx_HAL_Driver/Src/stm32f7xx_hal.o
                0x08000ab4                HAL_IncTick
 .text.HAL_GetTick
                0x08000adc       0x18 ./Drivers/STM32F7xx_HAL_Driver/Src/stm32f7xx_hal.o
                0x08000adc                HAL_GetTick
 .text.__NVIC_SetPriorityGrouping
                0x08000af4       0x48 ./Drivers/STM32F7xx_HAL_Driver/Src/stm32f7xx_hal_cortex.o
 .text.__NVIC_GetPriorityGrouping
                0x08000b3c       0x1c ./Drivers/STM32F7xx_HAL_Driver/Src/stm32f7xx_hal_cortex.o
 .text.__NVIC_EnableIRQ
                0x08000b58       0x3c ./Drivers/STM32F7xx_HAL_Driver/Src/stm32f7xx_hal_cortex.o
 .text.__NVIC_SetPriority
                0x08000b94       0x54 ./Drivers/STM32F7xx_HAL_Driver/Src/stm32f7xx_hal_cortex.o
 .text.NVIC_EncodePriority
                0x08000be8       0x66 ./Drivers/STM32F7xx_HAL_Driver/Src/stm32f7xx_hal_cortex.o
 *fill*         0x08000c4e        0x2 
 .text.SysTick_Config
                0x08000c50       0x44 ./Drivers/STM32F7xx_HAL_Driver/Src/stm32f7xx_hal_cortex.o
 .text.HAL_NVIC_SetPriorityGrouping
                0x08000c94       0x16 ./Drivers/STM32F7xx_HAL_Driver/Src/stm32f7xx_hal_cortex.o
                0x08000c94                HAL_NVIC_SetPriorityGrouping
 .text.HAL_NVIC_SetPriority
                0x08000caa       0x38 ./Drivers/STM32F7xx_HAL_Driver/Src/stm32f7xx_hal_cortex.o
                0x08000caa                HAL_NVIC_SetPriority
 .text.HAL_NVIC_EnableIRQ
                0x08000ce2       0x1c ./Drivers/STM32F7xx_HAL_Driver/Src/stm32f7xx_hal_cortex.o
                0x08000ce2                HAL_NVIC_EnableIRQ
 .text.HAL_SYSTICK_Config
                0x08000cfe       0x18 ./Drivers/STM32F7xx_HAL_Driver/Src/stm32f7xx_hal_cortex.o
                0x08000cfe                HAL_SYSTICK_Config
 *fill*         0x08000d16        0x2 
 .text.HAL_DMA_Init
                0x08000d18      0x15c ./Drivers/STM32F7xx_HAL_Driver/Src/stm32f7xx_hal_dma.o
                0x08000d18                HAL_DMA_Init
 .text.HAL_DMA_Abort_IT
                0x08000e74       0x44 ./Drivers/STM32F7xx_HAL_Driver/Src/stm32f7xx_hal_dma.o
                0x08000e74                HAL_DMA_Abort_IT
 .text.HAL_DMA_IRQHandler
                0x08000eb8      0x314 ./Drivers/STM32F7xx_HAL_Driver/Src/stm32f7xx_hal_dma.o
                0x08000eb8                HAL_DMA_IRQHandler
 .text.DMA_CalcBaseAndBitshift
                0x080011cc       0x6c ./Drivers/STM32F7xx_HAL_Driver/Src/stm32f7xx_hal_dma.o
 .text.DMA_CheckFifoParam
                0x08001238       0xf8 ./Drivers/STM32F7xx_HAL_Driver/Src/stm32f7xx_hal_dma.o
 .text.HAL_GPIO_Init
                0x08001330      0x358 ./Drivers/STM32F7xx_HAL_Driver/Src/stm32f7xx_hal_gpio.o
                0x08001330                HAL_GPIO_Init
 .text.HAL_GPIO_WritePin
                0x08001688       0x32 ./Drivers/STM32F7xx_HAL_Driver/Src/stm32f7xx_hal_gpio.o
                0x08001688                HAL_GPIO_WritePin
 *fill*         0x080016ba        0x2 
 .text.HAL_RCC_OscConfig
                0x080016bc      0x55c ./Drivers/STM32F7xx_HAL_Driver/Src/stm32f7xx_hal_rcc.o
                0x080016bc                HAL_RCC_OscConfig
 .text.HAL_RCC_ClockConfig
                0x08001c18      0x1d8 ./Drivers/STM32F7xx_HAL_Driver/Src/stm32f7xx_hal_rcc.o
                0x08001c18                HAL_RCC_ClockConfig
 .text.HAL_RCC_GetSysClockFreq
                0x08001df0      0x18c ./Drivers/STM32F7xx_HAL_Driver/Src/stm32f7xx_hal_rcc.o
                0x08001df0                HAL_RCC_GetSysClockFreq
 .text.HAL_SPI_Init
                0x08001f7c      0x156 ./Drivers/STM32F7xx_HAL_Driver/Src/stm32f7xx_hal_spi.o
                0x08001f7c                HAL_SPI_Init
 *fill*         0x080020d2        0x2 
 .text.HAL_SPI_IRQHandler
                0x080020d4      0x1e8 ./Drivers/STM32F7xx_HAL_Driver/Src/stm32f7xx_hal_spi.o
                0x080020d4                HAL_SPI_IRQHandler
 .text.HAL_SPI_ErrorCallback
                0x080022bc       0x14 ./Drivers/STM32F7xx_HAL_Driver/Src/stm32f7xx_hal_spi.o
                0x080022bc                HAL_SPI_ErrorCallback
 .text.SPI_DMAAbortOnError
                0x080022d0       0x2a ./Drivers/STM32F7xx_HAL_Driver/Src/stm32f7xx_hal_spi.o
 .text.memset   0x080022fa       0x10 C:/ST/STM32CubeIDE_1.15.1/STM32CubeIDE/plugins/com.st.stm32cube.ide.mcu.externaltools.gnu-tools-for-stm32.12.3.rel1.win32_1.0.100.202403111256/tools/bin/../lib/gcc/arm-none-eabi/12.3.1/../../../../arm-none-eabi/lib/thumb/v7e-m+dp/hard\libc_nano.a(libc_a-memset.o)
                0x080022fa                memset
 *fill*         0x0800230a        0x2 
 .text.__libc_init_array
                0x0800230c       0x48 C:/ST/STM32CubeIDE_1.15.1/STM32CubeIDE/plugins/com.st.stm32cube.ide.mcu.externaltools.gnu-tools-for-stm32.12.3.rel1.win32_1.0.100.202403111256/tools/bin/../lib/gcc/arm-none-eabi/12.3.1/../../../../arm-none-eabi/lib/thumb/v7e-m+dp/hard\libc_nano.a(libc_a-init.o)
                0x0800230c                __libc_init_array
 *(.glue_7)
 .glue_7        0x08002354        0x0 linker stubs
 *(.glue_7t)
 .glue_7t       0x08002354        0x0 linker stubs
 *(.eh_frame)
 .eh_frame      0x08002354        0x0 C:/ST/STM32CubeIDE_1.15.1/STM32CubeIDE/plugins/com.st.stm32cube.ide.mcu.externaltools.gnu-tools-for-stm32.12.3.rel1.win32_1.0.100.202403111256/tools/bin/../lib/gcc/arm-none-eabi/12.3.1/thumb/v7e-m+dp/hard/crtbegin.o
 *(.init)
 .init          0x08002354        0x4 C:/ST/STM32CubeIDE_1.15.1/STM32CubeIDE/plugins/com.st.stm32cube.ide.mcu.externaltools.gnu-tools-for-stm32.12.3.rel1.win32_1.0.100.202403111256/tools/bin/../lib/gcc/arm-none-eabi/12.3.1/thumb/v7e-m+dp/hard/crti.o
                0x08002354                _init
 .init          0x08002358        0x8 C:/ST/STM32CubeIDE_1.15.1/STM32CubeIDE/plugins/com.st.stm32cube.ide.mcu.externaltools.gnu-tools-for-stm32.12.3.rel1.win32_1.0.100.202403111256/tools/bin/../lib/gcc/arm-none-eabi/12.3.1/thumb/v7e-m+dp/hard/crtn.o
 *(.fini)
 .fini          0x08002360        0x4 C:/ST/STM32CubeIDE_1.15.1/STM32CubeIDE/plugins/com.st.stm32cube.ide.mcu.externaltools.gnu-tools-for-stm32.12.3.rel1.win32_1.0.100.202403111256/tools/bin/../lib/gcc/arm-none-eabi/12.3.1/thumb/v7e-m+dp/hard/crti.o
                0x08002360                _fini
 .fini          0x08002364        0x8 C:/ST/STM32CubeIDE_1.15.1/STM32CubeIDE/plugins/com.st.stm32cube.ide.mcu.externaltools.gnu-tools-for-stm32.12.3.rel1.win32_1.0.100.202403111256/tools/bin/../lib/gcc/arm-none-eabi/12.3.1/thumb/v7e-m+dp/hard/crtn.o
                0x0800236c                        . = ALIGN (0x4)
                0x0800236c                        _etext = .

.vfp11_veneer   0x0800236c        0x0
 .vfp11_veneer  0x0800236c        0x0 linker stubs

.v4_bx          0x0800236c        0x0
 .v4_bx         0x0800236c        0x0 linker stubs

.iplt           0x0800236c        0x0
 .iplt          0x0800236c        0x0 C:/ST/STM32CubeIDE_1.15.1/STM32CubeIDE/plugins/com.st.stm32cube.ide.mcu.externaltools.gnu-tools-for-stm32.12.3.rel1.win32_1.0.100.202403111256/tools/bin/../lib/gcc/arm-none-eabi/12.3.1/thumb/v7e-m+dp/hard/crtbegin.o

.rodata         0x0800236c       0x18
                0x0800236c                        . = ALIGN (0x4)
 *(.rodata)
 *(.rodata*)
 .rodata.AHBPrescTable
                0x0800236c       0x10 ./Core/Src/system_stm32f7xx.o
                0x0800236c                AHBPrescTable
 .rodata.flagBitshiftOffset.0
                0x0800237c        0x8 ./Drivers/STM32F7xx_HAL_Driver/Src/stm32f7xx_hal_dma.o
                0x08002384                        . = ALIGN (0x4)

.ARM.extab      0x08002384        0x0
                0x08002384                        . = ALIGN (0x4)
 *(.ARM.extab* .gnu.linkonce.armextab.*)
                0x08002384                        . = ALIGN (0x4)

.ARM            0x08002384        0x8
                0x08002384                        . = ALIGN (0x4)
                0x08002384                        __exidx_start = .
 *(.ARM.exidx*)
 .ARM.exidx     0x08002384        0x8 C:/ST/STM32CubeIDE_1.15.1/STM32CubeIDE/plugins/com.st.stm32cube.ide.mcu.externaltools.gnu-tools-for-stm32.12.3.rel1.win32_1.0.100.202403111256/tools/bin/../lib/gcc/arm-none-eabi/12.3.1/thumb/v7e-m+dp/hard\libgcc.a(_udivmoddi4.o)
                0x0800238c                        __exidx_end = .
                0x0800238c                        . = ALIGN (0x4)

.rel.dyn        0x0800238c        0x0
 .rel.iplt      0x0800238c        0x0 C:/ST/STM32CubeIDE_1.15.1/STM32CubeIDE/plugins/com.st.stm32cube.ide.mcu.externaltools.gnu-tools-for-stm32.12.3.rel1.win32_1.0.100.202403111256/tools/bin/../lib/gcc/arm-none-eabi/12.3.1/thumb/v7e-m+dp/hard/crtbegin.o

.preinit_array  0x0800238c        0x0
                0x0800238c                        . = ALIGN (0x4)
                0x0800238c                        PROVIDE (__preinit_array_start = .)
 *(.preinit_array*)
                0x0800238c                        PROVIDE (__preinit_array_end = .)
                0x0800238c                        . = ALIGN (0x4)

.init_array     0x0800238c        0x4
                0x0800238c                        . = ALIGN (0x4)
                0x0800238c                        PROVIDE (__init_array_start = .)
 *(SORT_BY_NAME(.init_array.*))
 *(.init_array*)
 .init_array    0x0800238c        0x4 C:/ST/STM32CubeIDE_1.15.1/STM32CubeIDE/plugins/com.st.stm32cube.ide.mcu.externaltools.gnu-tools-for-stm32.12.3.rel1.win32_1.0.100.202403111256/tools/bin/../lib/gcc/arm-none-eabi/12.3.1/thumb/v7e-m+dp/hard/crtbegin.o
                0x08002390                        PROVIDE (__init_array_end = .)
                0x08002390                        . = ALIGN (0x4)

.fini_array     0x08002390        0x4
                0x08002390                        . = ALIGN (0x4)
                [!provide]                        PROVIDE (__fini_array_start = .)
 *(SORT_BY_NAME(.fini_array.*))
 *(.fini_array*)
 .fini_array    0x08002390        0x4 C:/ST/STM32CubeIDE_1.15.1/STM32CubeIDE/plugins/com.st.stm32cube.ide.mcu.externaltools.gnu-tools-for-stm32.12.3.rel1.win32_1.0.100.202403111256/tools/bin/../lib/gcc/arm-none-eabi/12.3.1/thumb/v7e-m+dp/hard/crtbegin.o
                [!provide]                        PROVIDE (__fini_array_end = .)
                0x08002394                        . = ALIGN (0x4)
                0x08002394                        _sidata = LOADADDR (.data)

.data           0x20000000        0xc load address 0x08002394
                0x20000000                        . = ALIGN (0x4)
                0x20000000                        _sdata = .
 *(.data)
 *(.data*)
 .data.SystemCoreClock
                0x20000000        0x4 ./Core/Src/system_stm32f7xx.o
                0x20000000                SystemCoreClock
 .data.uwTickPrio
                0x20000004        0x4 ./Drivers/STM32F7xx_HAL_Driver/Src/stm32f7xx_hal.o
                0x20000004                uwTickPrio
 .data.uwTickFreq
                0x20000008        0x1 ./Drivers/STM32F7xx_HAL_Driver/Src/stm32f7xx_hal.o
                0x20000008                uwTickFreq
 *(.RamFunc)
 *(.RamFunc*)
                0x2000000c                        . = ALIGN (0x4)
 *fill*         0x20000009        0x3 
                0x2000000c                        _edata = .

.igot.plt       0x2000000c        0x0 load address 0x080023a0
 .igot.plt      0x2000000c        0x0 C:/ST/STM32CubeIDE_1.15.1/STM32CubeIDE/plugins/com.st.stm32cube.ide.mcu.externaltools.gnu-tools-for-stm32.12.3.rel1.win32_1.0.100.202403111256/tools/bin/../lib/gcc/arm-none-eabi/12.3.1/thumb/v7e-m+dp/hard/crtbegin.o
                0x2000000c                        . = ALIGN (0x4)

.bss            0x2000000c      0x144 load address 0x080023a0
                0x2000000c                        _sbss = .
                0x2000000c                        __bss_start__ = _sbss
 *(.bss)
 .bss           0x2000000c       0x1c C:/ST/STM32CubeIDE_1.15.1/STM32CubeIDE/plugins/com.st.stm32cube.ide.mcu.externaltools.gnu-tools-for-stm32.12.3.rel1.win32_1.0.100.202403111256/tools/bin/../lib/gcc/arm-none-eabi/12.3.1/thumb/v7e-m+dp/hard/crtbegin.o
 *(.bss*)
 .bss.hspi1     0x20000028       0x64 ./Core/Src/SPI_DMA.o
                0x20000028                hspi1
 .bss.hdma_spi1_rx
                0x2000008c       0x60 ./Core/Src/SPI_DMA.o
                0x2000008c                hdma_spi1_rx
 .bss.hdma_spi1_tx
                0x200000ec       0x60 ./Core/Src/SPI_DMA.o
                0x200000ec                hdma_spi1_tx
 .bss.uwTick    0x2000014c        0x4 ./Drivers/STM32F7xx_HAL_Driver/Src/stm32f7xx_hal.o
                0x2000014c                uwTick
 *(COMMON)
                0x20000150                        . = ALIGN (0x4)
                0x20000150                        _ebss = .
                0x20000150                        __bss_end__ = _ebss

._user_heap_stack
                0x20000150      0x600 load address 0x080023a0
                0x20000150                        . = ALIGN (0x8)
                [!provide]                        PROVIDE (end = .)
                0x20000150                        PROVIDE (_end = .)
                0x20000350                        . = (. + _Min_Heap_Size)
 *fill*         0x20000150      0x200 
                0x20000750                        . = (. + _Min_Stack_Size)
 *fill*         0x20000350      0x400 
                0x20000750                        . = ALIGN (0x8)

/DISCARD/
 libc.a(*)
 libm.a(*)
 libgcc.a(*)

.ARM.attributes
                0x00000000       0x2e
 *(.ARM.attributes)
 .ARM.attributes
                0x00000000       0x20 C:/ST/STM32CubeIDE_1.15.1/STM32CubeIDE/plugins/com.st.stm32cube.ide.mcu.externaltools.gnu-tools-for-stm32.12.3.rel1.win32_1.0.100.202403111256/tools/bin/../lib/gcc/arm-none-eabi/12.3.1/thumb/v7e-m+dp/hard/crti.o
 .ARM.attributes
                0x00000020       0x32 C:/ST/STM32CubeIDE_1.15.1/STM32CubeIDE/plugins/com.st.stm32cube.ide.mcu.externaltools.gnu-tools-for-stm32.12.3.rel1.win32_1.0.100.202403111256/tools/bin/../lib/gcc/arm-none-eabi/12.3.1/thumb/v7e-m+dp/hard/crtbegin.o
 .ARM.attributes
                0x00000052       0x32 ./Core/Src/GPIO_Config.o
 .ARM.attributes
                0x00000084       0x32 ./Core/Src/SPI_DMA.o
 .ARM.attributes
                0x000000b6       0x32 ./Core/Src/SystemClock_Config.o
 .ARM.attributes
                0x000000e8       0x32 ./Core/Src/main.o
 .ARM.attributes
                0x0000011a       0x32 ./Core/Src/stm32f7xx_hal_msp.o
 .ARM.attributes
                0x0000014c       0x32 ./Core/Src/stm32f7xx_it.o
 .ARM.attributes
                0x0000017e       0x32 ./Core/Src/system_stm32f7xx.o
 .ARM.attributes
                0x000001b0       0x21 ./Core/Startup/startup_stm32f767zitx.o
 .ARM.attributes
                0x000001d1       0x32 ./Drivers/STM32F7xx_HAL_Driver/Src/stm32f7xx_hal.o
 .ARM.attributes
                0x00000203       0x32 ./Drivers/STM32F7xx_HAL_Driver/Src/stm32f7xx_hal_cortex.o
 .ARM.attributes
                0x00000235       0x32 ./Drivers/STM32F7xx_HAL_Driver/Src/stm32f7xx_hal_dma.o
 .ARM.attributes
                0x00000267       0x32 ./Drivers/STM32F7xx_HAL_Driver/Src/stm32f7xx_hal_gpio.o
 .ARM.attributes
                0x00000299       0x32 ./Drivers/STM32F7xx_HAL_Driver/Src/stm32f7xx_hal_rcc.o
 .ARM.attributes
                0x000002cb       0x32 ./Drivers/STM32F7xx_HAL_Driver/Src/stm32f7xx_hal_spi.o
 .ARM.attributes
                0x000002fd       0x32 C:/ST/STM32CubeIDE_1.15.1/STM32CubeIDE/plugins/com.st.stm32cube.ide.mcu.externaltools.gnu-tools-for-stm32.12.3.rel1.win32_1.0.100.202403111256/tools/bin/../lib/gcc/arm-none-eabi/12.3.1/../../../../arm-none-eabi/lib/thumb/v7e-m+dp/hard\libc_nano.a(libc_a-memset.o)
 .ARM.attributes
                0x0000032f       0x32 C:/ST/STM32CubeIDE_1.15.1/STM32CubeIDE/plugins/com.st.stm32cube.ide.mcu.externaltools.gnu-tools-for-stm32.12.3.rel1.win32_1.0.100.202403111256/tools/bin/../lib/gcc/arm-none-eabi/12.3.1/../../../../arm-none-eabi/lib/thumb/v7e-m+dp/hard\libc_nano.a(libc_a-init.o)
 .ARM.attributes
                0x00000361       0x20 C:/ST/STM32CubeIDE_1.15.1/STM32CubeIDE/plugins/com.st.stm32cube.ide.mcu.externaltools.gnu-tools-for-stm32.12.3.rel1.win32_1.0.100.202403111256/tools/bin/../lib/gcc/arm-none-eabi/12.3.1/thumb/v7e-m+dp/hard\libgcc.a(_aeabi_uldivmod.o)
 .ARM.attributes
                0x00000381       0x32 C:/ST/STM32CubeIDE_1.15.1/STM32CubeIDE/plugins/com.st.stm32cube.ide.mcu.externaltools.gnu-tools-for-stm32.12.3.rel1.win32_1.0.100.202403111256/tools/bin/../lib/gcc/arm-none-eabi/12.3.1/thumb/v7e-m+dp/hard\libgcc.a(_udivmoddi4.o)
 .ARM.attributes
                0x000003b3       0x20 C:/ST/STM32CubeIDE_1.15.1/STM32CubeIDE/plugins/com.st.stm32cube.ide.mcu.externaltools.gnu-tools-for-stm32.12.3.rel1.win32_1.0.100.202403111256/tools/bin/../lib/gcc/arm-none-eabi/12.3.1/thumb/v7e-m+dp/hard\libgcc.a(_dvmd_tls.o)
 .ARM.attributes
                0x000003d3       0x20 C:/ST/STM32CubeIDE_1.15.1/STM32CubeIDE/plugins/com.st.stm32cube.ide.mcu.externaltools.gnu-tools-for-stm32.12.3.rel1.win32_1.0.100.202403111256/tools/bin/../lib/gcc/arm-none-eabi/12.3.1/thumb/v7e-m+dp/hard/crtn.o
OUTPUT(ADXL_345.elf elf32-littlearm)
LOAD linker stubs
LOAD C:/ST/STM32CubeIDE_1.15.1/STM32CubeIDE/plugins/com.st.stm32cube.ide.mcu.externaltools.gnu-tools-for-stm32.12.3.rel1.win32_1.0.100.202403111256/tools/bin/../lib/gcc/arm-none-eabi/12.3.1/../../../../arm-none-eabi/lib/thumb/v7e-m+dp/hard\libc.a
LOAD C:/ST/STM32CubeIDE_1.15.1/STM32CubeIDE/plugins/com.st.stm32cube.ide.mcu.externaltools.gnu-tools-for-stm32.12.3.rel1.win32_1.0.100.202403111256/tools/bin/../lib/gcc/arm-none-eabi/12.3.1/../../../../arm-none-eabi/lib/thumb/v7e-m+dp/hard\libm.a
LOAD C:/ST/STM32CubeIDE_1.15.1/STM32CubeIDE/plugins/com.st.stm32cube.ide.mcu.externaltools.gnu-tools-for-stm32.12.3.rel1.win32_1.0.100.202403111256/tools/bin/../lib/gcc/arm-none-eabi/12.3.1/thumb/v7e-m+dp/hard\libgcc.a

.debug_info     0x00000000     0x7aae
 .debug_info    0x00000000      0x3f5 ./Core/Src/GPIO_Config.o
 .debug_info    0x000003f5      0xc45 ./Core/Src/SPI_DMA.o
 .debug_info    0x0000103a      0x4c2 ./Core/Src/SystemClock_Config.o
 .debug_info    0x000014fc      0x153 ./Core/Src/main.o
 .debug_info    0x0000164f      0xce2 ./Core/Src/stm32f7xx_hal_msp.o
 .debug_info    0x00002331      0x6dd ./Core/Src/stm32f7xx_it.o
 .debug_info    0x00002a0e      0x6ed ./Core/Src/system_stm32f7xx.o
 .debug_info    0x000030fb       0x30 ./Core/Startup/startup_stm32f767zitx.o
 .debug_info    0x0000312b      0xa4c ./Drivers/STM32F7xx_HAL_Driver/Src/stm32f7xx_hal.o
 .debug_info    0x00003b77      0xf8b ./Drivers/STM32F7xx_HAL_Driver/Src/stm32f7xx_hal_cortex.o
 .debug_info    0x00004b02      0x8e7 ./Drivers/STM32F7xx_HAL_Driver/Src/stm32f7xx_hal_dma.o
 .debug_info    0x000053e9      0x6f3 ./Drivers/STM32F7xx_HAL_Driver/Src/stm32f7xx_hal_gpio.o
 .debug_info    0x00005adc      0x937 ./Drivers/STM32F7xx_HAL_Driver/Src/stm32f7xx_hal_rcc.o
 .debug_info    0x00006413     0x169b ./Drivers/STM32F7xx_HAL_Driver/Src/stm32f7xx_hal_spi.o

.debug_abbrev   0x00000000     0x19a4
 .debug_abbrev  0x00000000      0x152 ./Core/Src/GPIO_Config.o
 .debug_abbrev  0x00000152      0x22f ./Core/Src/SPI_DMA.o
 .debug_abbrev  0x00000381      0x184 ./Core/Src/SystemClock_Config.o
 .debug_abbrev  0x00000505       0xfd ./Core/Src/main.o
 .debug_abbrev  0x00000602      0x207 ./Core/Src/stm32f7xx_hal_msp.o
 .debug_abbrev  0x00000809      0x181 ./Core/Src/stm32f7xx_it.o
 .debug_abbrev  0x0000098a      0x13b ./Core/Src/system_stm32f7xx.o
 .debug_abbrev  0x00000ac5       0x24 ./Core/Startup/startup_stm32f767zitx.o
 .debug_abbrev  0x00000ae9      0x213 ./Drivers/STM32F7xx_HAL_Driver/Src/stm32f7xx_hal.o
 .debug_abbrev  0x00000cfc      0x329 ./Drivers/STM32F7xx_HAL_Driver/Src/stm32f7xx_hal_cortex.o
 .debug_abbrev  0x00001025      0x264 ./Drivers/STM32F7xx_HAL_Driver/Src/stm32f7xx_hal_dma.o
 .debug_abbrev  0x00001289      0x1d4 ./Drivers/STM32F7xx_HAL_Driver/Src/stm32f7xx_hal_gpio.o
 .debug_abbrev  0x0000145d      0x2de ./Drivers/STM32F7xx_HAL_Driver/Src/stm32f7xx_hal_rcc.o
 .debug_abbrev  0x0000173b      0x269 ./Drivers/STM32F7xx_HAL_Driver/Src/stm32f7xx_hal_spi.o

.debug_aranges  0x00000000      0x710
 .debug_aranges
                0x00000000       0x20 ./Core/Src/GPIO_Config.o
 .debug_aranges
                0x00000020       0x38 ./Core/Src/SPI_DMA.o
 .debug_aranges
                0x00000058       0x20 ./Core/Src/SystemClock_Config.o
 .debug_aranges
                0x00000078       0x28 ./Core/Src/main.o
 .debug_aranges
                0x000000a0       0x30 ./Core/Src/stm32f7xx_hal_msp.o
 .debug_aranges
                0x000000d0       0x80 ./Core/Src/stm32f7xx_it.o
 .debug_aranges
                0x00000150       0x28 ./Core/Src/system_stm32f7xx.o
 .debug_aranges
                0x00000178       0x28 ./Core/Startup/startup_stm32f767zitx.o
 .debug_aranges
                0x000001a0      0x110 ./Drivers/STM32F7xx_HAL_Driver/Src/stm32f7xx_hal.o
 .debug_aranges
                0x000002b0      0x118 ./Drivers/STM32F7xx_HAL_Driver/Src/stm32f7xx_hal_cortex.o
 .debug_aranges
                0x000003c8       0x90 ./Drivers/STM32F7xx_HAL_Driver/Src/stm32f7xx_hal_dma.o
 .debug_aranges
                0x00000458       0x58 ./Drivers/STM32F7xx_HAL_Driver/Src/stm32f7xx_hal_gpio.o
 .debug_aranges
                0x000004b0       0x88 ./Drivers/STM32F7xx_HAL_Driver/Src/stm32f7xx_hal_rcc.o
 .debug_aranges
                0x00000538      0x1d8 ./Drivers/STM32F7xx_HAL_Driver/Src/stm32f7xx_hal_spi.o

.debug_rnglists
                0x00000000      0x537
 .debug_rnglists
                0x00000000       0x14 ./Core/Src/GPIO_Config.o
 .debug_rnglists
                0x00000014       0x25 ./Core/Src/SPI_DMA.o
 .debug_rnglists
                0x00000039       0x14 ./Core/Src/SystemClock_Config.o
 .debug_rnglists
                0x0000004d       0x19 ./Core/Src/main.o
 .debug_rnglists
                0x00000066       0x20 ./Core/Src/stm32f7xx_hal_msp.o
 .debug_rnglists
                0x00000086       0x5b ./Core/Src/stm32f7xx_it.o
 .debug_rnglists
                0x000000e1       0x1a ./Core/Src/system_stm32f7xx.o
 .debug_rnglists
                0x000000fb       0x19 ./Core/Startup/startup_stm32f767zitx.o
 .debug_rnglists
                0x00000114       0xc7 ./Drivers/STM32F7xx_HAL_Driver/Src/stm32f7xx_hal.o
 .debug_rnglists
                0x000001db       0xce ./Drivers/STM32F7xx_HAL_Driver/Src/stm32f7xx_hal_cortex.o
 .debug_rnglists
                0x000002a9       0x70 ./Drivers/STM32F7xx_HAL_Driver/Src/stm32f7xx_hal_dma.o
 .debug_rnglists
                0x00000319       0x3f ./Drivers/STM32F7xx_HAL_Driver/Src/stm32f7xx_hal_gpio.o
 .debug_rnglists
                0x00000358       0x67 ./Drivers/STM32F7xx_HAL_Driver/Src/stm32f7xx_hal_rcc.o
 .debug_rnglists
                0x000003bf      0x178 ./Drivers/STM32F7xx_HAL_Driver/Src/stm32f7xx_hal_spi.o

.debug_macro    0x00000000     0x1940
 .debug_macro   0x00000000      0x1e7 ./Core/Src/GPIO_Config.o
 .debug_macro   0x000001e7       0x22 ./Core/Src/GPIO_Config.o
 .debug_macro   0x00000209      0x1e7 ./Core/Src/SPI_DMA.o
 .debug_macro   0x000003f0      0x1e8 ./Core/Src/SystemClock_Config.o
 .debug_macro   0x000005d8      0x21b ./Core/Src/main.o
 .debug_macro   0x000007f3      0x21b ./Core/Src/stm32f7xx_hal_msp.o
 .debug_macro   0x00000a0e      0x21f ./Core/Src/stm32f7xx_it.o
 .debug_macro   0x00000c2d      0x1d0 ./Core/Src/system_stm32f7xx.o
 .debug_macro   0x00000dfd      0x1f4 ./Drivers/STM32F7xx_HAL_Driver/Src/stm32f7xx_hal.o
 .debug_macro   0x00000ff1      0x1d0 ./Drivers/STM32F7xx_HAL_Driver/Src/stm32f7xx_hal_cortex.o
 .debug_macro   0x000011c1      0x1d6 ./Drivers/STM32F7xx_HAL_Driver/Src/stm32f7xx_hal_dma.o
 .debug_macro   0x00001397      0x1d6 ./Drivers/STM32F7xx_HAL_Driver/Src/stm32f7xx_hal_gpio.o
 .debug_macro   0x0000156d      0x1f4 ./Drivers/STM32F7xx_HAL_Driver/Src/stm32f7xx_hal_rcc.o
 .debug_macro   0x00001761      0x1df ./Drivers/STM32F7xx_HAL_Driver/Src/stm32f7xx_hal_spi.o

.debug_line     0x00000000     0x9a2b
 .debug_line    0x00000000      0x76a ./Core/Src/GPIO_Config.o
 .debug_line    0x0000076a      0x7f8 ./Core/Src/SPI_DMA.o
 .debug_line    0x00000f62      0x7a0 ./Core/Src/SystemClock_Config.o
 .debug_line    0x00001702      0x7e1 ./Core/Src/main.o
 .debug_line    0x00001ee3      0x860 ./Core/Src/stm32f7xx_hal_msp.o
 .debug_line    0x00002743      0x8cb ./Core/Src/stm32f7xx_it.o
 .debug_line    0x0000300e      0x7c9 ./Core/Src/system_stm32f7xx.o
 .debug_line    0x000037d7       0x7a ./Core/Startup/startup_stm32f767zitx.o
 .debug_line    0x00003851      0xa99 ./Drivers/STM32F7xx_HAL_Driver/Src/stm32f7xx_hal.o
 .debug_line    0x000042ea      0xce1 ./Drivers/STM32F7xx_HAL_Driver/Src/stm32f7xx_hal_cortex.o
 .debug_line    0x00004fcb      0xfb8 ./Drivers/STM32F7xx_HAL_Driver/Src/stm32f7xx_hal_dma.o
 .debug_line    0x00005f83      0xbe9 ./Drivers/STM32F7xx_HAL_Driver/Src/stm32f7xx_hal_gpio.o
 .debug_line    0x00006b6c      0xec7 ./Drivers/STM32F7xx_HAL_Driver/Src/stm32f7xx_hal_rcc.o
 .debug_line    0x00007a33     0x1ff8 ./Drivers/STM32F7xx_HAL_Driver/Src/stm32f7xx_hal_spi.o

.debug_str      0x00000000    0xea2ec
 .debug_str     0x00000000    0xe7c73 ./Core/Src/GPIO_Config.o
                              0xe8331 (size before relaxing)
 .debug_str     0x000e7c73      0xbb7 ./Core/Src/SPI_DMA.o
                              0xe8e1e (size before relaxing)
 .debug_str     0x000e882a      0x199 ./Core/Src/SystemClock_Config.o
                              0xe83ac (size before relaxing)
 .debug_str     0x000e89c3      0x252 ./Core/Src/main.o
                              0xe845a (size before relaxing)
 .debug_str     0x000e8c15       0x93 ./Core/Src/stm32f7xx_hal_msp.o
                              0xe910c (size before relaxing)
 .debug_str     0x000e8ca8      0x12c ./Core/Src/stm32f7xx_it.o
                              0xe895e (size before relaxing)
 .debug_str     0x000e8dd4      0x1a4 ./Core/Src/system_stm32f7xx.o
                              0xe836b (size before relaxing)
 .debug_str     0x000e8f78       0x44 ./Core/Startup/startup_stm32f767zitx.o
                                 0x7e (size before relaxing)
 .debug_str     0x000e8fbc      0x43b ./Drivers/STM32F7xx_HAL_Driver/Src/stm32f7xx_hal.o
                              0xe8dab (size before relaxing)
 .debug_str     0x000e93f7      0x323 ./Drivers/STM32F7xx_HAL_Driver/Src/stm32f7xx_hal_cortex.o
                              0xe8d5b (size before relaxing)
 .debug_str     0x000e971a      0x2f6 ./Drivers/STM32F7xx_HAL_Driver/Src/stm32f7xx_hal_dma.o
                              0xe86aa (size before relaxing)
 .debug_str     0x000e9a10      0x10a ./Drivers/STM32F7xx_HAL_Driver/Src/stm32f7xx_hal_gpio.o
                              0xe8429 (size before relaxing)
 .debug_str     0x000e9b1a      0x260 ./Drivers/STM32F7xx_HAL_Driver/Src/stm32f7xx_hal_rcc.o
                              0xe86e6 (size before relaxing)
 .debug_str     0x000e9d7a      0x572 ./Drivers/STM32F7xx_HAL_Driver/Src/stm32f7xx_hal_spi.o
                              0xe8bab (size before relaxing)

.comment        0x00000000       0x43
 .comment       0x00000000       0x43 ./Core/Src/GPIO_Config.o
                                 0x44 (size before relaxing)
 .comment       0x00000043       0x44 ./Core/Src/SPI_DMA.o
 .comment       0x00000043       0x44 ./Core/Src/SystemClock_Config.o
 .comment       0x00000043       0x44 ./Core/Src/main.o
 .comment       0x00000043       0x44 ./Core/Src/stm32f7xx_hal_msp.o
 .comment       0x00000043       0x44 ./Core/Src/stm32f7xx_it.o
 .comment       0x00000043       0x44 ./Core/Src/system_stm32f7xx.o
 .comment       0x00000043       0x44 ./Drivers/STM32F7xx_HAL_Driver/Src/stm32f7xx_hal.o
 .comment       0x00000043       0x44 ./Drivers/STM32F7xx_HAL_Driver/Src/stm32f7xx_hal_cortex.o
 .comment       0x00000043       0x44 ./Drivers/STM32F7xx_HAL_Driver/Src/stm32f7xx_hal_dma.o
 .comment       0x00000043       0x44 ./Drivers/STM32F7xx_HAL_Driver/Src/stm32f7xx_hal_gpio.o
 .comment       0x00000043       0x44 ./Drivers/STM32F7xx_HAL_Driver/Src/stm32f7xx_hal_rcc.o
 .comment       0x00000043       0x44 ./Drivers/STM32F7xx_HAL_Driver/Src/stm32f7xx_hal_spi.o

.debug_frame    0x00000000     0x1abc
 .debug_frame   0x00000000       0x34 ./Core/Src/GPIO_Config.o
 .debug_frame   0x00000034       0x98 ./Core/Src/SPI_DMA.o
 .debug_frame   0x000000cc       0x34 ./Core/Src/SystemClock_Config.o
 .debug_frame   0x00000100       0x44 ./Core/Src/main.o
 .debug_frame   0x00000144       0x7c ./Core/Src/stm32f7xx_hal_msp.o
 .debug_frame   0x000001c0      0x178 ./Core/Src/stm32f7xx_it.o
 .debug_frame   0x00000338       0x58 ./Core/Src/system_stm32f7xx.o
 .debug_frame   0x00000390      0x3f4 ./Drivers/STM32F7xx_HAL_Driver/Src/stm32f7xx_hal.o
 .debug_frame   0x00000784      0x498 ./Drivers/STM32F7xx_HAL_Driver/Src/stm32f7xx_hal_cortex.o
 .debug_frame   0x00000c1c      0x250 ./Drivers/STM32F7xx_HAL_Driver/Src/stm32f7xx_hal_dma.o
 .debug_frame   0x00000e6c      0x14c ./Drivers/STM32F7xx_HAL_Driver/Src/stm32f7xx_hal_gpio.o
 .debug_frame   0x00000fb8      0x1f8 ./Drivers/STM32F7xx_HAL_Driver/Src/stm32f7xx_hal_rcc.o
 .debug_frame   0x000011b0      0x860 ./Drivers/STM32F7xx_HAL_Driver/Src/stm32f7xx_hal_spi.o
 .debug_frame   0x00001a10       0x20 C:/ST/STM32CubeIDE_1.15.1/STM32CubeIDE/plugins/com.st.stm32cube.ide.mcu.externaltools.gnu-tools-for-stm32.12.3.rel1.win32_1.0.100.202403111256/tools/bin/../lib/gcc/arm-none-eabi/12.3.1/../../../../arm-none-eabi/lib/thumb/v7e-m+dp/hard\libc_nano.a(libc_a-memset.o)
 .debug_frame   0x00001a30       0x2c C:/ST/STM32CubeIDE_1.15.1/STM32CubeIDE/plugins/com.st.stm32cube.ide.mcu.externaltools.gnu-tools-for-stm32.12.3.rel1.win32_1.0.100.202403111256/tools/bin/../lib/gcc/arm-none-eabi/12.3.1/../../../../arm-none-eabi/lib/thumb/v7e-m+dp/hard\libc_nano.a(libc_a-init.o)
 .debug_frame   0x00001a5c       0x2c C:/ST/STM32CubeIDE_1.15.1/STM32CubeIDE/plugins/com.st.stm32cube.ide.mcu.externaltools.gnu-tools-for-stm32.12.3.rel1.win32_1.0.100.202403111256/tools/bin/../lib/gcc/arm-none-eabi/12.3.1/thumb/v7e-m+dp/hard\libgcc.a(_aeabi_uldivmod.o)
 .debug_frame   0x00001a88       0x34 C:/ST/STM32CubeIDE_1.15.1/STM32CubeIDE/plugins/com.st.stm32cube.ide.mcu.externaltools.gnu-tools-for-stm32.12.3.rel1.win32_1.0.100.202403111256/tools/bin/../lib/gcc/arm-none-eabi/12.3.1/thumb/v7e-m+dp/hard\libgcc.a(_udivmoddi4.o)

.debug_line_str
                0x00000000       0x62
 .debug_line_str
                0x00000000       0x62 ./Core/Startup/startup_stm32f767zitx.o
