../Core/Src/main.c:83:6:ADXL345_WriteRegister	32	static
../Core/Src/main.c:89:9:ADXL345_ReadRegister	32	static
../Core/Src/main.c:97:6:ADXL345_ReadMultiRegister	24	static
../Core/Src/main.c:103:6:ADXL345_Init	8	static
../Core/Src/main.c:111:6:ADXL345_ReadData	32	static
../Core/Src/main.c:132:5:main	16	static
../Core/Src/main.c:185:6:SystemClock_Config	88	static
../Core/Src/main.c:233:13:MX_I2C1_Init	8	static
../Core/Src/main.c:281:13:MX_GPIO_Init	32	static
../Core/Src/main.c:318:6:Error_Handler	4	static,ignoring_inline_asm
